INFO:werkzeug: * Restarting with stat
WARNING:werkzeug: * Debugger is active!
INFO:werkzeug: * Debugger PIN: 954-457-906
WARNING:werkzeug: * Running on all addresses.
   WARNING: This is a development server. Do not use it in a production deployment.
INFO:werkzeug: * Running on http://192.168.0.104:5000/ (Press CTRL+C to quit)
INFO:app_test:home request successfull
INFO:werkzeug:192.168.0.104 - - [12/Jun/2021 22:24:54] "GET / HTTP/1.1" 200 -
INFO:app_test:Status request successfull
INFO:werkzeug:192.168.0.104 - - [12/Jun/2021 22:25:02] "GET /status HTTP/1.1" 200 -
INFO:app_test:metrics request successfull
INFO:werkzeug:192.168.0.104 - - [12/Jun/2021 22:25:08] "GET /metrics HTTP/1.1" 200 -
INFO:werkzeug: * Detected change in "D:\\Udacity's SUSE Scholarship Foundation Course\\Practical on Foundational course\\nd064_course_1\\exercises\\python-helloworld\\app.py", reloading
INFO:werkzeug: * Restarting with stat
WARNING:werkzeug: * Debugger is active!
INFO:werkzeug: * Debugger PIN: 954-457-906
WARNING:werkzeug: * Running on all addresses.
   WARNING: This is a development server. Do not use it in a production deployment.
INFO:werkzeug: * Running on http://192.168.0.104:5000/ (Press CTRL+C to quit)
INFO:werkzeug: * Restarting with stat
WARNING:werkzeug: * Debugger is active!
INFO:werkzeug: * Debugger PIN: 954-457-906
WARNING:werkzeug: * Running on all addresses.
   WARNING: This is a development server. Do not use it in a production deployment.
INFO:werkzeug: * Running on http://192.168.0.100:5000/ (Press CTRL+C to quit)
INFO:app_test:home request successfull
INFO:werkzeug:127.0.0.1 - - [20/Jun/2021 16:27:48] "GET / HTTP/1.1" 200 -
INFO:werkzeug:127.0.0.1 - - [20/Jun/2021 16:27:48] "[33mGET /favicon.ico HTTP/1.1[0m" 404 -
INFO:app_test:Status request successfull
INFO:werkzeug:127.0.0.1 - - [20/Jun/2021 16:27:57] "GET /status HTTP/1.1" 200 -
INFO:app_test:metrics request successfull
INFO:werkzeug:127.0.0.1 - - [20/Jun/2021 16:29:54] "GET /metrics HTTP/1.1" 200 -
INFO:app_test:home request successfull
INFO:werkzeug:127.0.0.1 - - [20/Jun/2021 16:30:02] "GET / HTTP/1.1" 200 -
INFO:werkzeug: * Restarting with stat
WARNING:werkzeug: * Debugger is active!
INFO:werkzeug: * Debugger PIN: 954-457-906
WARNING:werkzeug: * Running on all addresses.
   WARNING: This is a development server. Do not use it in a production deployment.
INFO:werkzeug: * Running on http://192.168.0.100:5000/ (Press CTRL+C to quit)
INFO:app_test:home request successfull
INFO:werkzeug:192.168.0.100 - - [20/Jun/2021 16:53:46] "GET / HTTP/1.1" 200 -
INFO:werkzeug:192.168.0.100 - - [20/Jun/2021 16:53:46] "[33mGET /favicon.ico HTTP/1.1[0m" 404 -
INFO:werkzeug: * Restarting with stat
WARNING:werkzeug: * Debugger is active!
INFO:werkzeug: * Debugger PIN: 954-457-906
WARNING:werkzeug: * Running on all addresses.
   WARNING: This is a development server. Do not use it in a production deployment.
INFO:werkzeug: * Running on http://192.168.0.100:5000/ (Press CTRL+C to quit)
INFO:app:home request successfull
INFO:werkzeug:192.168.0.100 - - [20/Jun/2021 17:05:04] "GET / HTTP/1.1" 200 -
INFO:app:Status request successfull
INFO:werkzeug:192.168.0.100 - - [20/Jun/2021 17:05:15] "GET /status HTTP/1.1" 200 -
INFO:app:metrics request successfull
INFO:werkzeug:192.168.0.100 - - [20/Jun/2021 17:05:30] "GET /metrics HTTP/1.1" 200 -
